if (!isset($config) || !$config instanceof \holonet\common\collection\ConfigRegistry) {
	throw new \InvalidArgumentException('The config parameter must be an instance of \holonet\common\collection\ConfigRegistry');
}

$initialServices ??= array();

return new class($config, $initialServices) extends \holonet\common\di\Container {
	protected array $aliases = array(
		'container' => 'holonet\\common\\di\\Container',
		'registry' => 'holonet\\common\\collection\\ConfigRegistry',
	);
	
	protected array $services = array(
		0 => 'container',
		1 => 'registry',
	);
	
	protected function instance(string $class, array $params = array()): object {
		return match ($class) {
			holonet\common\tests\di\holonet_common_tests_CompilerTest_ForwardParamDependency::class => $this->make_holonet_common_tests_di_holonet_common_tests_CompilerTest_ForwardParamDependency($params),
			default => parent::instance($class, $params)
		};
	}
	
	protected function make_holonet_common_tests_di_holonet_common_tests_CompilerTest_ForwardParamDependency(array $params): holonet\common\tests\di\holonet_common_tests_CompilerTest_ForwardParamDependency {
		$params['dependency'] ??= $this->byType(holonet\common\tests\di\holonet_common_tests_CompilerTest_NoConstructorDependency::class, 'dependency');
		$params['testParam'] ?? throw new \InvalidArgumentException('Cannot instantiate \'holonet\common\tests\di\holonet_common_tests_CompilerTest_ForwardParamDependency\': Missing parameter \'testParam\' of type \'string)\'');
		$params['testParamTwo'] ??= 'testParamTwoValue';
		return new holonet\common\tests\di\holonet_common_tests_CompilerTest_ForwardParamDependency(...$params);
	}
};